eeschema (2013-jul-07)-stable  >> Creation date: mar 19 mag 2015 21:27:15 CEST
#Cmp ( ordine = Riferimento )
| C1         0.01u       
| C2         10u         
| C3         0.33u       
| C4         0.1u        
| D1         LED_rosso   
| D2         LED_rosso   
| D3         LED_rosso   
| D4         LED_rosso   
| D5         LED_rosso   
| D6         LED_rosso   
| D7         LED_rosso   
| D8         LED_rosso   
| D9         LED_rosso   
| D10        LED_rosso   
| D11        LED_rosso   
| D12        LED_rosso   
| D13        LED_rosso   
| D14        LED_rosso   
| D15        LED_rosso   
| D16        LED_rosso   
| D17        LED_verde   
| D18        LED_verde   
| D19        LED_verde   
| D20        LED_rosso   
| D21        LED_rosso   
| D22        LED_rosso   
| D23        LED_rosso   
| D24        DIODE       
| D25        DIODE       
| P1         Batteria    
| P2         Alimentatore
| R1         220         
| R2         220         
| R3         10k         
| R4         220         
| R5         220         
| R6         220         
| R7         220         
| R8         220         
| R9         220         
| R10        10k         
| R11        220         
| R12        220         
| R13        220         
| R14        220         
| R15        220         
| R16        220         
| R17        220         
| R18        220         
| R19        1-10k       
| R20        220         
| R21        220         
| R22        68k         
| R23        220         
| R24        220         
| R25        220         
| R26        220         
| R27        220         
| SW1        SW_PUSH     
| SW2        SW_PUSH     
| U1         74HC595     
| U2         74HC595     
| U3         LM555N      
| U4         74HC00      
| U5         74HC595     
| U6         LM7805      
#End Cmp

#Cmp ( ordine = Valore )
| 0.01u        C1        
| 0.1u         C4        
| 0.33u        C3        
| 10u          C2        
| LED_rosso    D1        
| LED_rosso    D2        
| LED_rosso    D3        
| LED_rosso    D4        
| LED_rosso    D5        
| LED_rosso    D6        
| LED_rosso    D7        
| LED_rosso    D8        
| LED_rosso    D9        
| LED_rosso    D10       
| LED_rosso    D11       
| LED_rosso    D12       
| LED_rosso    D13       
| LED_rosso    D14       
| LED_rosso    D15       
| LED_rosso    D16       
| LED_verde    D17       
| LED_verde    D18       
| LED_verde    D19       
| LED_rosso    D20       
| LED_rosso    D21       
| LED_rosso    D22       
| LED_rosso    D23       
| DIODE        D24       
| DIODE        D25       
| Batteria     P1        
| Alimentatore P2        
| 220          R1        
| 220          R2        
| 220          R4        
| 220          R5        
| 220          R6        
| 220          R7        
| 220          R8        
| 220          R9        
| 220          R11       
| 220          R12       
| 220          R13       
| 220          R14       
| 220          R15       
| 220          R16       
| 220          R17       
| 220          R18       
| 220          R20       
| 220          R21       
| 220          R23       
| 220          R24       
| 220          R25       
| 220          R26       
| 220          R27       
| 10k          R3        
| 10k          R10       
| 68k          R22       
| 1-10k        R19       
| SW_PUSH      SW1       
| SW_PUSH      SW2       
| LM555N       U3        
| LM7805       U6        
| 74HC595      U1        
| 74HC595      U2        
| 74HC00       U4        
| 74HC595      U5        
#Fine Cmp

#Fine Lista
